AR ball behavioral /home/student1/s96gill/Desktop/COE758/COE758Project_JS_SSG/ball.vhd sub00/vhpl13 1732220004
AR clock_divider_2 behavioral /home/student1/s96gill/Desktop/COE758/COE758Project_JS_SSG/clock_divider_2.vhd sub00/vhpl03 1732219996
PB constants constants /home/student1/s96gill/Desktop/COE758/COE758Project_JS_SSG/constants.vhd sub00/vhpl01 1732219994
EN background NULL /home/student1/mjliu/coe758/coe758_pong/background.vhd sub00/vhpl08 1574793907
EN clock_divider_2 NULL /home/student1/s96gill/Desktop/COE758/COE758Project_JS_SSG/clock_divider_2.vhd sub00/vhpl02 1732219995
AR ila ila_a /home/student1/s96gill/Desktop/COE758/COE758Project_JS_SSG/ipcore_dir/ila.vhd sub00/vhpl21 1732220010
AR icon icon_a /home/student1/s96gill/Desktop/COE758/COE758Project_JS_SSG/ipcore_dir/icon.vhd sub00/vhpl19 1732220008
PH constants NULL /home/student1/s96gill/Desktop/COE758/COE758Project_JS_SSG/constants.vhd sub00/vhpl00 1732219993
AR top_level behavioral /home/student1/s96gill/Desktop/COE758/COE758Project_JS_SSG/top_level.vhd sub00/vhpl17 1732220012
EN icon NULL /home/student1/s96gill/Desktop/COE758/COE758Project_JS_SSG/ipcore_dir/icon.vhd sub00/vhpl18 1732220007
EN count_gen NULL /home/student1/s96gill/Desktop/COE758/COE758Project_JS_SSG/count_gen.vhd sub00/vhpl04 1732219997
EN ball NULL /home/student1/s96gill/Desktop/COE758/COE758Project_JS_SSG/ball.vhd sub00/vhpl12 1732220003
EN vga NULL /home/student1/s96gill/Desktop/COE758/COE758Project_JS_SSG/VGA.vhd sub00/vhpl14 1732220005
AR paddle behavioral /home/student1/s96gill/Desktop/COE758/COE758Project_JS_SSG/paddle.vhd sub00/vhpl11 1732220002
AR background behavioral /home/student1/mjliu/coe758/coe758_pong/background.vhd sub00/vhpl09 1574793908
AR vga behavioral /home/student1/s96gill/Desktop/COE758/COE758Project_JS_SSG/VGA.vhd sub00/vhpl15 1732220006
EN paddle NULL /home/student1/s96gill/Desktop/COE758/COE758Project_JS_SSG/paddle.vhd sub00/vhpl10 1732220001
AR sync_gen behavioral /home/student1/s96gill/Desktop/COE758/COE758Project_JS_SSG/sync_gen.vhd sub00/vhpl07 1732220000
AR count_gen behavioral /home/student1/s96gill/Desktop/COE758/COE758Project_JS_SSG/count_gen.vhd sub00/vhpl05 1732219998
EN sync_gen NULL /home/student1/s96gill/Desktop/COE758/COE758Project_JS_SSG/sync_gen.vhd sub00/vhpl06 1732219999
EN ila NULL /home/student1/s96gill/Desktop/COE758/COE758Project_JS_SSG/ipcore_dir/ila.vhd sub00/vhpl20 1732220009
EN top_level NULL /home/student1/s96gill/Desktop/COE758/COE758Project_JS_SSG/top_level.vhd sub00/vhpl16 1732220011
